1/160 fold1_g03 7.2s
2/160 fold1_g00 7.3s
3/160 fold1_g01 7.3s
4/160 fold1_g02 7.3s
5/160 fold1_g06 9.9s
6/160 fold1_g05 10.0s
7/160 fold1_g04 10.1s
8/160 fold1_g07 10.3s
9/160 fold1_g09 7.3s
10/160 fold1_g08 7.5s
11/160 fold1_g10 7.4s
12/160 fold1_g11 7.3s
13/160 fold1_g12 14.4s
14/160 fold1_g13 14.3s
15/160 fold1_g14 14.4s
16/160 fold1_g15 14.4s
17/160 fold1_g16 13.2s
18/160 fold1_g17 13.2s
19/160 fold1_g18 13.2s
20/160 fold1_g19 13.8s
21/160 fold1_g20 24.7s
22/160 fold1_g21 24.8s
23/160 fold1_g22 24.9s
24/160 fold1_g23 24.8s
25/160 fold1_g24 15.6s
26/160 fold1_g25 16.0s
27/160 fold1_g26 16.1s
28/160 fold1_g27 16.1s
29/160 fold1_g28 30.6s
30/160 fold1_g29 31.0s
31/160 fold1_g30 30.9s
32/160 fold1_g31 31.0s
33/160 fold2_g00 5.9s
34/160 fold2_g01 5.6s
35/160 fold2_g02 5.8s
36/160 fold2_g03 5.6s
37/160 fold2_g04 9.9s
38/160 fold2_g05 9.6s
39/160 fold2_g06 9.9s
40/160 fold2_g07 10.1s
41/160 fold2_g08 6.8s
42/160 fold2_g09 6.8s
43/160 fold2_g10 7.0s
44/160 fold2_g11 6.9s
45/160 fold2_g12 12.7s
46/160 fold2_g13 12.7s
47/160 fold2_g14 12.8s
48/160 fold2_g15 12.7s
49/160 fold2_g16 13.5s
50/160 fold2_g17 13.4s
51/160 fold2_g18 13.4s
52/160 fold2_g19 13.6s
53/160 fold2_g21 25.0s
54/160 fold2_g20 25.4s
55/160 fold2_g22 24.9s
56/160 fold2_g23 24.8s
57/160 fold2_g25 15.9s
58/160 fold2_g24 16.1s
59/160 fold2_g26 16.2s
60/160 fold2_g27 16.2s
61/160 fold2_g28 30.8s
62/160 fold2_g29 31.2s
63/160 fold2_g30 30.6s
64/160 fold2_g31 31.2s
65/160 fold3_g00 5.6s
66/160 fold3_g01 5.8s
67/160 fold3_g02 5.6s
68/160 fold3_g03 5.6s
69/160 fold3_g04 9.9s
70/160 fold3_g06 10.0s
71/160 fold3_g05 10.1s
72/160 fold3_g07 10.2s
73/160 fold3_g08 6.8s
74/160 fold3_g09 6.9s
75/160 fold3_g10 7.0s
76/160 fold3_g11 6.9s
77/160 fold3_g12 12.8s
78/160 fold3_g13 12.7s
79/160 fold3_g14 13.1s
80/160 fold3_g15 12.5s
81/160 fold3_g16 13.6s
82/160 fold3_g17 13.3s
83/160 fold3_g18 13.3s
84/160 fold3_g19 13.6s
85/160 fold3_g20 25.3s
86/160 fold3_g21 25.2s
87/160 fold3_g22 25.0s
88/160 fold3_g23 25.8s
89/160 fold3_g24 15.6s
90/160 fold3_g26 15.9s
91/160 fold3_g25 16.1s
92/160 fold3_g27 15.7s
93/160 fold3_g28 31.7s
94/160 fold3_g30 31.3s
95/160 fold3_g29 31.7s
96/160 fold3_g31 31.9s
97/160 fold4_g00 5.7s
98/160 fold4_g01 5.7s
99/160 fold4_g02 5.8s
100/160 fold4_g03 5.9s
101/160 fold4_g04 10.0s
102/160 fold4_g05 10.0s
103/160 fold4_g06 10.1s
104/160 fold4_g07 10.2s
105/160 fold4_g08 7.1s
106/160 fold4_g09 6.9s
107/160 fold4_g10 7.0s
108/160 fold4_g11 7.0s
109/160 fold4_g12 12.6s
110/160 fold4_g13 12.9s
111/160 fold4_g14 12.8s
112/160 fold4_g15 12.7s
113/160 fold4_g16 13.5s
114/160 fold4_g17 13.7s
115/160 fold4_g18 13.5s
116/160 fold4_g19 13.5s
117/160 fold4_g20 25.9s
118/160 fold4_g21 25.3s
119/160 fold4_g22 25.5s
120/160 fold4_g23 25.2s
121/160 fold4_g24 15.9s
122/160 fold4_g25 15.8s
123/160 fold4_g26 15.8s
124/160 fold4_g27 16.4s
125/160 fold4_g28 32.1s
126/160 fold4_g29 32.5s
127/160 fold4_g30 32.4s
128/160 fold4_g31 31.5s
129/160 fold5_g00 5.7s
130/160 fold5_g01 5.8s
131/160 fold5_g02 5.8s
132/160 fold5_g03 5.7s
133/160 fold5_g04 10.0s
134/160 fold5_g05 9.8s
135/160 fold5_g06 9.9s
136/160 fold5_g07 9.9s
137/160 fold5_g08 6.8s
138/160 fold5_g09 6.7s
139/160 fold5_g10 6.9s
140/160 fold5_g11 6.9s
141/160 fold5_g13 12.4s
142/160 fold5_g12 12.6s
143/160 fold5_g14 12.4s
144/160 fold5_g15 12.3s
145/160 fold5_g16 13.1s
146/160 fold5_g17 13.2s
147/160 fold5_g18 13.3s
148/160 fold5_g19 13.0s
149/160 fold5_g21 25.2s
150/160 fold5_g20 25.5s
151/160 fold5_g22 25.0s
152/160 fold5_g23 25.1s
153/160 fold5_g25 15.5s
154/160 fold5_g24 15.9s
155/160 fold5_g26 15.6s
156/160 fold5_g27 15.6s
157/160 fold5_g29 30.9s
158/160 fold5_g28 31.0s
159/160 fold5_g30 30.9s
160/160 fold5_g31 30.7s
Selections frozen 6bd4077d554e571e1536b219e5161ae70ed8a7c948b1660648e1104d549d9511
1/20 fold1_repeat_current_20260914 5.8s
2/20 fold1_BiLSTM_20260913 5.9s
3/20 fold1_BiLSTM_20260914 5.9s
4/20 fold1_repeat_current_20260913 6.0s
5/20 fold2_BiLSTM_20260913 8.3s
6/20 fold2_BiLSTM_20260914 8.3s
7/20 fold2_repeat_current_20260914 8.2s
8/20 fold2_repeat_current_20260913 8.2s
9/20 fold3_BiLSTM_20260913 3.9s
10/20 fold3_repeat_current_20260913 4.0s
11/20 fold3_BiLSTM_20260914 4.0s
12/20 fold3_repeat_current_20260914 4.0s
13/20 fold4_BiLSTM_20260914 37.4s
14/20 fold4_BiLSTM_20260913 38.0s
15/20 fold4_repeat_current_20260913 37.9s
16/20 fold4_repeat_current_20260914 38.7s
17/20 fold5_BiLSTM_20260913 2.1s
18/20 fold5_repeat_current_20260913 2.0s
19/20 fold5_BiLSTM_20260914 2.1s
20/20 fold5_repeat_current_20260914 1.8s
scope           seed    
BiLSTM          20260913    0.332691
                20260914    0.349316
repeat_current  20260913    0.341327
                20260914    0.354049
