1/160 fold1_g03 5.0s
2/160 fold1_g01 5.1s
3/160 fold1_g02 5.1s
4/160 fold1_g00 5.4s
5/160 fold1_g06 5.5s
6/160 fold1_g04 5.7s
7/160 fold1_g05 5.9s
8/160 fold1_g07 5.6s
9/160 fold1_g08 4.3s
10/160 fold1_g09 4.3s
11/160 fold1_g11 4.3s
12/160 fold1_g10 4.3s
13/160 fold1_g13 7.0s
14/160 fold1_g12 7.2s
15/160 fold1_g15 7.2s
16/160 fold1_g14 7.2s
17/160 fold1_g16 7.7s
18/160 fold1_g17 7.7s
19/160 fold1_g19 7.5s
20/160 fold1_g18 7.6s
21/160 fold1_g20 14.4s
22/160 fold1_g21 14.8s
23/160 fold1_g22 14.8s
24/160 fold1_g23 14.8s
25/160 fold1_g24 8.5s
26/160 fold1_g25 8.8s
27/160 fold1_g27 8.9s
28/160 fold1_g26 9.1s
29/160 fold1_g28 16.7s
30/160 fold1_g29 16.6s
31/160 fold1_g30 17.0s
32/160 fold1_g31 17.0s
33/160 fold2_g00 3.8s
34/160 fold2_g01 3.7s
35/160 fold2_g02 3.8s
36/160 fold2_g03 3.8s
37/160 fold2_g04 5.8s
38/160 fold2_g05 5.9s
39/160 fold2_g07 5.7s
40/160 fold2_g06 5.8s
41/160 fold2_g08 4.3s
42/160 fold2_g09 4.4s
43/160 fold2_g10 4.4s
44/160 fold2_g11 4.6s
45/160 fold2_g12 7.4s
46/160 fold2_g13 7.1s
47/160 fold2_g14 7.1s
48/160 fold2_g15 7.3s
49/160 fold2_g16 7.8s
50/160 fold2_g17 7.7s
51/160 fold2_g18 8.0s
52/160 fold2_g19 7.9s
53/160 fold2_g20 13.7s
54/160 fold2_g21 13.5s
55/160 fold2_g22 13.3s
56/160 fold2_g23 13.4s
57/160 fold2_g25 9.0s
58/160 fold2_g24 9.4s
59/160 fold2_g26 9.2s
60/160 fold2_g27 9.6s
61/160 fold2_g29 16.4s
62/160 fold2_g28 16.7s
63/160 fold2_g30 16.5s
64/160 fold2_g31 16.4s
65/160 fold3_g00 3.8s
66/160 fold3_g01 3.8s
67/160 fold3_g02 3.6s
68/160 fold3_g03 3.7s
69/160 fold3_g04 5.8s
70/160 fold3_g05 5.8s
71/160 fold3_g06 5.9s
72/160 fold3_g07 5.8s
73/160 fold3_g08 4.1s
74/160 fold3_g09 4.3s
75/160 fold3_g10 4.3s
76/160 fold3_g11 4.2s
77/160 fold3_g12 7.3s
78/160 fold3_g13 7.1s
79/160 fold3_g14 6.8s
80/160 fold3_g15 7.1s
81/160 fold3_g16 7.8s
82/160 fold3_g17 7.9s
83/160 fold3_g18 7.8s
84/160 fold3_g19 7.8s
85/160 fold3_g21 13.4s
86/160 fold3_g20 14.1s
87/160 fold3_g22 13.6s
88/160 fold3_g23 13.4s
89/160 fold3_g24 9.1s
90/160 fold3_g26 8.8s
91/160 fold3_g25 8.9s
92/160 fold3_g27 9.2s
93/160 fold3_g28 16.5s
94/160 fold3_g29 16.4s
95/160 fold3_g30 16.6s
96/160 fold3_g31 16.7s
97/160 fold4_g00 3.7s
98/160 fold4_g02 3.8s
99/160 fold4_g01 4.1s
100/160 fold4_g03 3.9s
101/160 fold4_g04 5.9s
102/160 fold4_g05 5.8s
103/160 fold4_g06 5.8s
104/160 fold4_g07 5.9s
105/160 fold4_g08 4.3s
106/160 fold4_g09 4.4s
107/160 fold4_g10 4.5s
108/160 fold4_g11 4.5s
109/160 fold4_g12 7.3s
110/160 fold4_g14 7.0s
111/160 fold4_g13 7.2s
112/160 fold4_g15 7.1s
113/160 fold4_g16 8.0s
114/160 fold4_g18 7.8s
115/160 fold4_g17 7.9s
116/160 fold4_g19 7.8s
117/160 fold4_g20 13.9s
118/160 fold4_g22 14.0s
119/160 fold4_g21 14.1s
120/160 fold4_g23 14.1s
121/160 fold4_g24 9.9s
122/160 fold4_g25 9.9s
123/160 fold4_g26 9.9s
124/160 fold4_g27 9.6s
125/160 fold4_g29 16.8s
126/160 fold4_g28 17.1s
127/160 fold4_g30 17.0s
128/160 fold4_g31 16.9s
129/160 fold5_g01 3.8s
130/160 fold5_g00 3.9s
131/160 fold5_g02 3.8s
132/160 fold5_g03 3.7s
133/160 fold5_g04 5.7s
134/160 fold5_g05 5.7s
135/160 fold5_g06 5.8s
136/160 fold5_g07 5.6s
137/160 fold5_g08 4.2s
138/160 fold5_g09 4.4s
139/160 fold5_g10 4.2s
140/160 fold5_g11 4.4s
141/160 fold5_g12 7.1s
142/160 fold5_g13 7.0s
143/160 fold5_g14 7.3s
144/160 fold5_g15 7.0s
145/160 fold5_g16 7.8s
146/160 fold5_g17 7.8s
147/160 fold5_g18 8.0s
148/160 fold5_g19 7.9s
149/160 fold5_g20 13.8s
150/160 fold5_g22 13.1s
151/160 fold5_g21 13.8s
152/160 fold5_g23 13.6s
153/160 fold5_g25 9.0s
154/160 fold5_g24 9.3s
155/160 fold5_g26 9.2s
156/160 fold5_g27 9.2s
157/160 fold5_g30 16.2s
158/160 fold5_g28 16.5s
159/160 fold5_g29 16.5s
160/160 fold5_g31 16.1s
Selections frozen 7c3ddae4319ce3e35eea338127d292666f67860c2f07b8317f32eee7a4b5b44f
1/20 fold1_LSTM_20260913 2.6s
2/20 fold1_repeat_current_20260913 2.6s
3/20 fold1_repeat_current_20260914 2.6s
4/20 fold1_LSTM_20260914 2.6s
5/20 fold2_LSTM_20260914 1.5s
6/20 fold2_repeat_current_20260914 1.5s
7/20 fold2_LSTM_20260913 1.6s
8/20 fold2_repeat_current_20260913 1.6s
9/20 fold3_LSTM_20260913 10.4s
10/20 fold3_repeat_current_20260913 10.5s
11/20 fold3_repeat_current_20260914 10.6s
12/20 fold3_LSTM_20260914 10.7s
13/20 fold4_LSTM_20260913 19.7s
14/20 fold4_repeat_current_20260914 19.6s
15/20 fold4_LSTM_20260914 19.8s
16/20 fold4_repeat_current_20260913 19.9s
17/20 fold5_LSTM_20260913 8.3s
18/20 fold5_LSTM_20260914 8.4s
19/20 fold5_repeat_current_20260913 8.6s
20/20 fold5_repeat_current_20260914 8.5s
scope           seed    
LSTM            20260913    0.336785
                20260914    0.329750
repeat_current  20260913    0.350513
                20260914    0.350497
