1/160 fold1_g02 6.6s
2/160 fold1_g03 6.6s
3/160 fold1_g00 6.8s
4/160 fold1_g01 6.8s
5/160 fold1_g05 8.1s
6/160 fold1_g04 8.2s
7/160 fold1_g07 8.2s
8/160 fold1_g06 8.3s
9/160 fold1_g08 6.8s
10/160 fold1_g09 6.8s
11/160 fold1_g10 6.8s
12/160 fold1_g11 6.8s
13/160 fold1_g13 12.6s
14/160 fold1_g12 12.8s
15/160 fold1_g14 12.6s
16/160 fold1_g15 12.6s
17/160 fold1_g16 9.6s
18/160 fold1_g18 9.7s
19/160 fold1_g17 9.9s
20/160 fold1_g19 10.0s
21/160 fold1_g20 16.9s
22/160 fold1_g21 17.0s
23/160 fold1_g22 17.0s
24/160 fold1_g23 17.7s
25/160 fold1_g24 17.2s
26/160 fold1_g25 17.0s
27/160 fold1_g26 17.1s
28/160 fold1_g27 17.4s
29/160 fold1_g28 31.9s
30/160 fold1_g29 32.4s
31/160 fold1_g30 32.8s
32/160 fold1_g31 31.8s
33/160 fold2_g00 5.5s
34/160 fold2_g01 5.3s
35/160 fold2_g02 5.3s
36/160 fold2_g03 5.4s
37/160 fold2_g04 8.5s
38/160 fold2_g05 8.2s
39/160 fold2_g06 8.6s
40/160 fold2_g07 8.5s
41/160 fold2_g08 7.1s
42/160 fold2_g09 7.1s
43/160 fold2_g10 6.9s
44/160 fold2_g11 7.1s
45/160 fold2_g12 12.9s
46/160 fold2_g13 13.0s
47/160 fold2_g14 12.9s
48/160 fold2_g15 13.1s
49/160 fold2_g16 10.3s
50/160 fold2_g17 10.4s
51/160 fold2_g18 10.3s
52/160 fold2_g19 10.9s
53/160 fold2_g20 17.7s
54/160 fold2_g21 17.7s
55/160 fold2_g22 17.6s
56/160 fold2_g23 18.0s
57/160 fold2_g24 17.6s
58/160 fold2_g25 17.8s
59/160 fold2_g26 17.6s
60/160 fold2_g27 17.8s
61/160 fold2_g28 33.2s
62/160 fold2_g29 33.7s
63/160 fold2_g30 33.8s
64/160 fold2_g31 32.8s
65/160 fold3_g00 5.1s
66/160 fold3_g01 5.1s
67/160 fold3_g02 5.0s
68/160 fold3_g03 5.0s
69/160 fold3_g04 8.0s
70/160 fold3_g05 8.0s
71/160 fold3_g06 8.1s
72/160 fold3_g07 8.1s
73/160 fold3_g08 6.7s
74/160 fold3_g09 6.9s
75/160 fold3_g10 6.9s
76/160 fold3_g11 6.9s
77/160 fold3_g12 12.2s
78/160 fold3_g13 12.5s
79/160 fold3_g14 12.4s
80/160 fold3_g15 12.5s
81/160 fold3_g16 9.1s
82/160 fold3_g17 9.8s
83/160 fold3_g18 9.7s
84/160 fold3_g19 9.9s
85/160 fold3_g20 16.9s
86/160 fold3_g21 16.3s
87/160 fold3_g22 16.7s
88/160 fold3_g23 16.4s
89/160 fold3_g24 16.2s
90/160 fold3_g25 16.4s
91/160 fold3_g26 16.2s
92/160 fold3_g27 16.7s
93/160 fold3_g28 31.0s
94/160 fold3_g29 31.6s
95/160 fold3_g30 31.5s
96/160 fold3_g31 31.7s
97/160 fold4_g00 5.5s
98/160 fold4_g01 5.1s
99/160 fold4_g02 5.1s
100/160 fold4_g03 5.1s
101/160 fold4_g04 8.4s
102/160 fold4_g05 8.4s
103/160 fold4_g06 8.2s
104/160 fold4_g07 8.2s
105/160 fold4_g08 6.7s
106/160 fold4_g09 7.0s
107/160 fold4_g10 6.8s
108/160 fold4_g11 7.1s
109/160 fold4_g12 12.3s
110/160 fold4_g13 12.4s
111/160 fold4_g14 12.9s
112/160 fold4_g15 12.7s
113/160 fold4_g16 10.0s
114/160 fold4_g17 10.1s
115/160 fold4_g18 10.1s
116/160 fold4_g19 10.3s
117/160 fold4_g20 16.8s
118/160 fold4_g21 17.4s
119/160 fold4_g22 17.5s
120/160 fold4_g23 17.6s
121/160 fold4_g24 17.1s
122/160 fold4_g25 17.2s
123/160 fold4_g26 17.1s
124/160 fold4_g27 17.2s
125/160 fold4_g28 37.5s
126/160 fold4_g29 37.3s
127/160 fold4_g30 38.4s
128/160 fold4_g31 37.7s
129/160 fold5_g00 6.4s
130/160 fold5_g01 6.0s
131/160 fold5_g02 6.2s
132/160 fold5_g03 6.0s
133/160 fold5_g04 9.4s
134/160 fold5_g05 9.6s
135/160 fold5_g06 9.2s
136/160 fold5_g07 9.4s
137/160 fold5_g08 7.7s
138/160 fold5_g09 7.9s
139/160 fold5_g10 7.9s
140/160 fold5_g11 7.9s
141/160 fold5_g12 14.1s
142/160 fold5_g13 14.4s
143/160 fold5_g14 14.6s
144/160 fold5_g15 14.4s
145/160 fold5_g16 11.3s
146/160 fold5_g17 11.6s
147/160 fold5_g18 11.4s
148/160 fold5_g19 11.7s
149/160 fold5_g20 19.9s
150/160 fold5_g21 19.5s
151/160 fold5_g22 20.1s
152/160 fold5_g23 19.8s
153/160 fold5_g24 19.9s
154/160 fold5_g25 20.0s
155/160 fold5_g26 19.8s
156/160 fold5_g27 20.1s
157/160 fold5_g28 37.2s
158/160 fold5_g29 37.5s
159/160 fold5_g30 36.8s
160/160 fold5_g31 36.7s
Selections frozen 019d6db63f2c433159d4296ed6ddf7ac1788f47bc7b15ea2ad46be1d48b98b3e
1/20 fold1_TCN_20260914 3.2s
2/20 fold1_repeat_current_20260913 3.2s
3/20 fold1_repeat_current_20260914 3.2s
4/20 fold1_TCN_20260913 3.3s
5/20 fold2_repeat_current_20260913 1.9s
6/20 fold2_repeat_current_20260914 1.9s
7/20 fold2_TCN_20260913 2.1s
8/20 fold2_TCN_20260914 2.1s
9/20 fold3_TCN_20260914 23.8s
10/20 fold3_repeat_current_20260914 23.8s
11/20 fold3_TCN_20260913 23.9s
12/20 fold3_repeat_current_20260913 23.8s
13/20 fold4_repeat_current_20260914 3.4s
14/20 fold4_TCN_20260914 3.5s
15/20 fold4_TCN_20260913 3.6s
16/20 fold4_repeat_current_20260913 3.5s
17/20 fold5_repeat_current_20260913 2.8s
18/20 fold5_TCN_20260914 3.0s
19/20 fold5_TCN_20260913 3.0s
20/20 fold5_repeat_current_20260914 2.9s
scope           seed    
TCN             20260913    0.349132
                20260914    0.356672
repeat_current  20260913    0.342333
                20260914    0.349204
